DEBUG:root:started the code
DEBUG:root:started the code
DEBUG:root:entered the loop
DEBUG:root:current file:E:/code/zia-nlp-task/standup-reports/0-0.txt
DEBUG:root:started the code
DEBUG:root:entered the loop
DEBUG:root:current file:E:/code/zia-nlp-task/standup-reports/0-0.txt
DEBUG:root:started the code
DEBUG:root:entered the loop
DEBUG:root:started the code
DEBUG:root:entered the loop
DEBUG:root:current file:E:/code/zia-nlp-task/standup-reports/0-0.txtfile exists? :False
DEBUG:root:started the code
DEBUG:root:entered the loop
DEBUG:root:current file:E:/code/zia-nlp-task/v1beta2/standup-reports0-0.txtfile exists? :False
DEBUG:root:started the code
DEBUG:root:entered the loop
DEBUG:root:current file:E:/code/zia-nlp-task/v1beta2/standup-reports/0-0.txtfile exists? :True
DEBUG:root:entered the first loop
 current filename=E:/code/zia-nlp-task/v1beta2/standup-reports/0-0.txt
DEBUG:root:entered the loop
DEBUG:root:current file:E:/code/zia-nlp-task/v1beta2/standup-reports/1-3.txtfile exists? :False
DEBUG:root:started the code
DEBUG:root:entered the loop
DEBUG:root:current file:E:/code/zia-nlp-task/v1beta2/standup-reports/0-0.txtfile exists? :True
DEBUG:root:entered the first loop
 current filename=E:/code/zia-nlp-task/v1beta2/standup-reports/0-0.txt
DEBUG:root:entered the loop
DEBUG:root:current file:E:/code/zia-nlp-task/v1beta2/standup-reports/1-3.txtfile exists? :False
DEBUG:root:entered the first loop
 current filename=E:/code/zia-nlp-task/v1beta2/standup-reports/0-0.txt
DEBUG:root:entered the first loop
 current filename=E:/code/zia-nlp-task/v1beta2/standup-reports/1-0.txt
DEBUG:root:entered the first loop
 current filename=E:/code/zia-nlp-task/v1beta2/standup-reports/2-0.txt
DEBUG:root:entered the first loop
 current filename=E:/code/zia-nlp-task/v1beta2/standup-reports/3-0.txt
DEBUG:root:entered the first loop
 current filename=E:/code/zia-nlp-task/v1beta2/standup-reports/4-0.txt
DEBUG:root:entered the first loop
 current filename=E:/code/zia-nlp-task/v1beta2/standup-reports/0-0.txt
DEBUG:root:entered the first loop
 current filename=E:/code/zia-nlp-task/v1beta2/standup-reports/0-0.txt
DEBUG:root:entered the first loop
 current filename=E:/code/zia-nlp-task/v1beta2/standup-reports/1-0.txt
DEBUG:root:entered the first loop
 current filename=E:/code/zia-nlp-task/v1beta2/standup-reports/2-0.txt
DEBUG:root:entered the first loop
 current filename=E:/code/zia-nlp-task/v1beta2/standup-reports/3-0.txt
DEBUG:root:entered the first loop
 current filename=E:/code/zia-nlp-task/v1beta2/standup-reports/4-0.txt
DEBUG:root:entered the first loop
 current filename=E:/code/zia-nlp-task/v1beta2/standup-reports/0-0.txt
DEBUG:root:entered the first loop
 current filename=E:/code/zia-nlp-task/v1beta2/standup-reports/1-0.txt
DEBUG:root:entered the first loop
 current filename=E:/code/zia-nlp-task/v1beta2/standup-reports/2-0.txt
DEBUG:root:entered the first loop
 current filename=E:/code/zia-nlp-task/v1beta2/standup-reports/3-0.txt
DEBUG:root:entered the first loop
 current filename=E:/code/zia-nlp-task/v1beta2/standup-reports/4-0.txt
DEBUG:root:entered the first loop
 current filename=E:/code/zia-nlp-task/v1beta2/standup-reports/0-0.txt
DEBUG:root:entered the first loop
 current filename=E:/code/zia-nlp-task/v1beta2/standup-reports/0-0.txt
DEBUG:root:entered the first loop
 current filename=E:/code/zia-nlp-task/v1beta2/standup-reports/1-0.txt
DEBUG:root:entered the first loop
 current filename=E:/code/zia-nlp-task/v1beta2/standup-reports/2-0.txt
DEBUG:root:entered the first loop
 current filename=E:/code/zia-nlp-task/v1beta2/standup-reports/3-0.txt
DEBUG:root:entered the first loop
 current filename=E:/code/zia-nlp-task/v1beta2/standup-reports/4-0.txt
DEBUG:root:entered the first loop
 current filename=E:/code/zia-nlp-task/v1beta2/standup-reports/0-0.txt
DEBUG:root:entered the first loop
 current filename=E:/code/zia-nlp-task/v1beta2/standup-reports/1-0.txt
DEBUG:root:entered the first loop
 current filename=E:/code/zia-nlp-task/v1beta2/standup-reports/2-0.txt
DEBUG:root:entered the first loop
 current filename=E:/code/zia-nlp-task/v1beta2/standup-reports/3-0.txt
DEBUG:root:entered the first loop
 current filename=E:/code/zia-nlp-task/v1beta2/standup-reports/4-0.txt
DEBUG:root:entered the first loop
 current filename=E:/code/zia-nlp-task/v1beta2/standup-reports/0-0.txt
DEBUG:root:entered the first loop
 current filename=E:/code/zia-nlp-task/v1beta2/standup-reports/0-0.txt
DEBUG:root:entered the first loop
 current filename=E:/code/zia-nlp-task/v1beta2/standup-reports/1-0.txt
DEBUG:root:entered the first loop
 current filename=E:/code/zia-nlp-task/v1beta2/standup-reports/2-0.txt
DEBUG:root:entered the first loop
 current filename=E:/code/zia-nlp-task/v1beta2/standup-reports/3-0.txt
DEBUG:root:entered the first loop
 current filename=E:/code/zia-nlp-task/v1beta2/standup-reports/4-0.txt
DEBUG:root:entered the first loop
 current filename=E:/code/zia-nlp-task/v1beta2/standup-reports/0-0.txt
DEBUG:root:entered the first loop
 current filename=E:/code/zia-nlp-task/v1beta2/standup-reports/1-0.txt
DEBUG:root:entered the first loop
 current filename=E:/code/zia-nlp-task/v1beta2/standup-reports/2-0.txt
DEBUG:root:entered the first loop
 current filename=E:/code/zia-nlp-task/v1beta2/standup-reports/3-0.txt
DEBUG:root:entered the first loop
 current filename=E:/code/zia-nlp-task/v1beta2/standup-reports/4-0.txt
DEBUG:root:entered the first loop
 current filename=E:/code/zia-nlp-task/v1beta2/standup-reports/0-0.txt
DEBUG:root:entered the first loop
 current filename=E:/code/zia-nlp-task/v1beta2/standup-reports/1-0.txt
DEBUG:root:entered the first loop
 current filename=E:/code/zia-nlp-task/v1beta2/standup-reports/2-0.txt
DEBUG:root:entered the first loop
 current filename=E:/code/zia-nlp-task/v1beta2/standup-reports/3-0.txt
DEBUG:root:entered the first loop
 current filename=E:/code/zia-nlp-task/v1beta2/standup-reports/4-0.txt
2017-08-16 12:48:31,375:DEBUG:entered the first loop
 current filename=E:/code/zia-nlp-task/v1beta2/standup-reports/0-0.txt
2017-08-16 12:48:31,671:DEBUG:entered the first loop
 current filename=E:/code/zia-nlp-task/v1beta2/standup-reports/1-0.txt
2017-08-16 12:48:31,704:DEBUG:entered the first loop
 current filename=E:/code/zia-nlp-task/v1beta2/standup-reports/2-0.txt
2017-08-16 12:48:31,842:DEBUG:entered the first loop
 current filename=E:/code/zia-nlp-task/v1beta2/standup-reports/3-0.txt
2017-08-16 12:48:31,859:DEBUG:entered the first loop
 current filename=E:/code/zia-nlp-task/v1beta2/standup-reports/4-0.txt
2017-08-16 13:34:18,553:DEBUG:entered the first loop
 current filename=E:/code/zia-nlp-task/v1beta2/standup-reports/0-0.txt
2017-08-16 13:35:19,339:DEBUG:entered the first loop
 current filename=E:/code/zia-nlp-task/v1beta2/standup-reports/0-0.txt
2017-08-16 13:35:35,342:DEBUG:entered the first loop
 current filename=E:/code/zia-nlp-task/v1beta2/standup-reports/0-0.txt
2017-08-16 13:37:25,621:DEBUG:entered the first loop
 current filename=E:/code/zia-nlp-task/v1beta2/standup-reports/0-0.txt
2017-08-16 13:37:25,858:DEBUG:entered the first loop
 current filename=E:/code/zia-nlp-task/v1beta2/standup-reports/1-0.txt
2017-08-16 13:37:25,890:DEBUG:entered the first loop
 current filename=E:/code/zia-nlp-task/v1beta2/standup-reports/2-0.txt
2017-08-16 13:37:25,920:DEBUG:entered the first loop
 current filename=E:/code/zia-nlp-task/v1beta2/standup-reports/3-0.txt
2017-08-16 13:37:25,938:DEBUG:entered the first loop
 current filename=E:/code/zia-nlp-task/v1beta2/standup-reports/4-0.txt
